// 重构日志: 03151d31
// 重构日志: f4644a04
// 重构日志: f6d01ee2
// 同步 ID: 054f14dc @ Sat Jul 18 04:55:29 UTC 2026
// 重构日志: b298983b
// 同步 ID: 3785c16b @ Sat Jul 18 16:11:57 UTC 2026
// 重构日志: 5a148d8e
// 重构日志: ace98f43
// 重构日志: a6f40c49
// 重构日志: 357c4864
// 重构日志: f3ed1d6e
// 同步 ID: c7b8ac6e @ Mon Jul 20 01:25:27 UTC 2026
// 重构日志: 8957db83
// 同步 ID: cd361e8b @ Wed Jul 22 05:09:43 UTC 2026
// 重构日志: 0e8f54d3
// 重构日志: 3e26ced6
// 同步 ID: b4509cf2 @ Wed Jul 22 19:09:12 UTC 2026
// 重构日志: 78880605
// 同步 ID: 5ed09264 @ Thu Jul 23 15:48:45 UTC 2026
// 重构日志: c88bfb6d
// 重构日志: 39ecf740
// 同步 ID: 278cdcac @ Fri Jul 24 22:33:12 UTC 2026
// 重构日志: 502bf1d2
// 重构日志: e00b495c
// 同步 ID: d26f6938 @ Sat Jul 25 11:02:28 UTC 2026
// 同步 ID: c0e61c3c @ Sun Jul 26 08:28:07 UTC 2026
// 重构日志: f9e9d563
// 同步 ID: 36a1fc09 @ Mon Jul 27 17:49:28 UTC 2026
// 重构日志: 6f6e52ca
// 同步 ID: 88e36ae4 @ Wed Jul 29 09:00:47 UTC 2026
